=== KIMI K2.7 REMAINING SHORTER TIMEOUT START Mon Jun 15 11:27:41 PDT 2026 ===
Models: moonshotai/kimi-k2.7-code
Source rows: 933; checkpoint rows: 34
Dirty tasks: 21; selected: 21
Options: stream=false responseFormat=false timeoutMs=180000 maxTokens=8000 retries=2 concurrency=1 reasoningEffort=(default) reasoningMaxTokens=(default) reasoningExclude=false disableThinking=false
 - moonshotai/kimi-k2.7-code: 21 dirty
(node:29481) [DEP0040] DeprecationWarning: The `punycode` module is deprecated. Please use a userland alternative instead.
(Use `node --trace-deprecation ...` to show where the warning was created)
[1/21] dirty moonshotai/kimi-k2.7-code AGI-029 attempts=3 types=empty_raw+explicit_error+provider_aborted_request+error
[2/21] clean-fail moonshotai/kimi-k2.7-code AGI-039 attempts=2
[3/21] clean-fail moonshotai/kimi-k2.7-code AGI-040 attempts=2
[4/21] dirty moonshotai/kimi-k2.7-code AGI-041 attempts=3 types=empty_raw+explicit_error+truncated_response+transport_error
[5/21] pass moonshotai/kimi-k2.7-code AGI-064 attempts=2
[6/21] clean-fail moonshotai/kimi-k2.7-code AGI-071 attempts=1
[7/21] clean-fail moonshotai/kimi-k2.7-code AGI-072 attempts=1
[8/21] dirty moonshotai/kimi-k2.7-code AGI-082 attempts=3 types=empty_raw+explicit_error+truncated_response+transport_error
[9/21] clean-fail moonshotai/kimi-k2.7-code AGI-083 attempts=1
[10/21] pass moonshotai/kimi-k2.7-code AGI-084 attempts=2
[11/21] dirty moonshotai/kimi-k2.7-code AGI-085 attempts=3 types=empty_raw+truncated_response+transport_error
[12/21] dirty moonshotai/kimi-k2.7-code AGI-089 attempts=3 types=empty_raw+truncated_response+transport_error
[13/21] dirty moonshotai/kimi-k2.7-code AGI-090 attempts=3 types=empty_raw+explicit_error+truncated_response+transport_error
[14/21] dirty moonshotai/kimi-k2.7-code AGI-091 attempts=3 types=empty_raw+truncated_response+transport_error
[15/21] dirty moonshotai/kimi-k2.7-code AGI-099 attempts=3 types=empty_raw+explicit_error+provider_aborted_request+error
[16/21] dirty moonshotai/kimi-k2.7-code AGI-101 attempts=3 types=empty_raw+truncated_response+transport_error
[17/21] clean-fail moonshotai/kimi-k2.7-code AGI-102 attempts=1
[18/21] clean-fail moonshotai/kimi-k2.7-code AGI-103 attempts=2
[19/21] dirty moonshotai/kimi-k2.7-code AGI-105 attempts=3 types=empty_raw+truncated_response+transport_error
[20/21] dirty moonshotai/kimi-k2.7-code AGI-112 attempts=3 types=empty_raw+truncated_response+transport_error
[21/21] clean-fail moonshotai/kimi-k2.7-code AGI-114 attempts=2
Aggregate written: /Users/bradleymiles/Documents/tradebench-questions-and-evaluation/results/community/300/final-candidate-kimi-k27-remaining-nostream-noformat-180s-2026-06-15T20-18-23-746Z.json
moonshotai/kimi-k2.7-code: clean=281 dirty=19 pass=163/300
=== KIMI K2.7 REMAINING SHORTER TIMEOUT END Mon Jun 15 13:18:23 PDT 2026 ===
