=== KIMI K2.6 CLEANUP STREAM/NOFORMAT/REASONINGCAP START Mon Jun 15 14:24:21 PDT 2026 ===
Models: moonshotai/kimi-k2.6
Source rows: 1242; checkpoint rows: 311
Dirty tasks: 47; selected: 47
Options: stream=true responseFormat=false timeoutMs=180000 maxTokens=3000 retries=2 concurrency=1 reasoningEffort=(default) reasoningMaxTokens=512 reasoningExclude=true disableThinking=false
 - moonshotai/kimi-k2.6: 47 dirty
(node:79810) [DEP0040] DeprecationWarning: The `punycode` module is deprecated. Please use a userland alternative instead.
(Use `node --trace-deprecation ...` to show where the warning was created)
[1/47] dirty moonshotai/kimi-k2.6 L8-001 attempts=3 types=empty_raw+truncated_response+transport_error
[2/47] pass moonshotai/kimi-k2.6 L8-003 attempts=2
[3/47] clean-fail moonshotai/kimi-k2.6 L9-013 attempts=2
[4/47] dirty moonshotai/kimi-k2.6 L9-029 attempts=3 types=empty_raw+truncated_response+transport_error
[5/47] dirty moonshotai/kimi-k2.6 L9-037 attempts=3 types=empty_raw+truncated_response+transport_error
[6/47] dirty moonshotai/kimi-k2.6 L9-045 attempts=3 types=empty_raw+truncated_response+transport_error
[7/47] clean-fail moonshotai/kimi-k2.6 L9-069 attempts=2
[8/47] dirty moonshotai/kimi-k2.6 L9-077 attempts=3 types=empty_raw+truncated_response+transport_error
[9/47] dirty moonshotai/kimi-k2.6 L9-081 attempts=3 types=empty_raw+truncated_response+transport_error
[10/47] dirty moonshotai/kimi-k2.6 L10-006 attempts=3 types=empty_raw+truncated_response+transport_error
[11/47] dirty moonshotai/kimi-k2.6 L10-007 attempts=3 types=empty_raw+truncated_response+transport_error
[12/47] pass moonshotai/kimi-k2.6 L10-023 attempts=1
[13/47] dirty moonshotai/kimi-k2.6 L10-050 attempts=3 types=empty_raw+truncated_response+transport_error
[14/47] dirty moonshotai/kimi-k2.6 L10-051 attempts=3 types=empty_raw+truncated_response+transport_error
[15/47] dirty moonshotai/kimi-k2.6 L10-069 attempts=3 types=empty_raw+truncated_response+transport_error
[16/47] dirty moonshotai/kimi-k2.6 AGI-003 attempts=3 types=empty_raw+truncated_response+transport_error
[17/47] dirty moonshotai/kimi-k2.6 AGI-010 attempts=3 types=empty_raw+truncated_response+transport_error
