=== RESIDUAL TRANSPORT REPAIR START Mon Jun 15 07:35:33 PDT 2026 ===
=== PLAN ===
inception/mercury-2	11 rows	L10-008 L10-010 L10-018 L10-019 L10-056 L10-058 AGI-068 AGI-070 AGI-079 AGI-105 AGI-114
prime-intellect/intellect-3	2 rows	L8-003 AGI-071
inclusionai/ring-2.6-1t	24 rows	L8-003 L10-015 L10-027 L10-031 L10-032 L10-044 AGI-002 AGI-003 AGI-012 AGI-029 AGI-039 AGI-040 AGI-041 AGI-064 AGI-066 AGI-067 AGI-068 AGI-084 AGI-089 AGI-091 AGI-099 AGI-101 AGI-102 AGI-112
TOTAL	37 rows
=== MODEL START model=inception/mercury-2 rows=11 Mon Jun 15 07:35:33 PDT 2026 ===
Models: inception/mercury-2
Source rows: 0; checkpoint rows: 89
Dirty tasks: 11; selected: 11
Options: stream=false responseFormat=false timeoutMs=600000 maxTokens=8000 retries=2 concurrency=1 reasoningEffort=(default) reasoningMaxTokens=1024 reasoningExclude=true disableThinking=false
 - inception/mercury-2: 11 dirty
(node:81972) [DEP0040] DeprecationWarning: The `punycode` module is deprecated. Please use a userland alternative instead.
(Use `node --trace-deprecation ...` to show where the warning was created)
[1/11] clean-fail inception/mercury-2 L10-008 attempts=1
[2/11] pass inception/mercury-2 L10-010 attempts=1
[3/11] clean-fail inception/mercury-2 L10-018 attempts=1
[4/11] clean-fail inception/mercury-2 L10-019 attempts=1
[5/11] pass inception/mercury-2 L10-056 attempts=1
[6/11] clean-fail inception/mercury-2 L10-058 attempts=1
[7/11] clean-fail inception/mercury-2 AGI-068 attempts=1
[8/11] clean-fail inception/mercury-2 AGI-070 attempts=1
[9/11] clean-fail inception/mercury-2 AGI-079 attempts=1
[10/11] clean-fail inception/mercury-2 AGI-105 attempts=1
[11/11] clean-fail inception/mercury-2 AGI-114 attempts=1
Aggregate written: /Users/bradleymiles/Documents/tradebench-questions-and-evaluation/results/community/300/residual-transport-repair-2026-06-15T14-35-55-243Z.json
inception/mercury-2: clean=78 dirty=0 pass=7/300
=== MODEL END model=inception/mercury-2 rc=0 Mon Jun 15 07:35:55 PDT 2026 ===
=== MODEL START model=prime-intellect/intellect-3 rows=2 Mon Jun 15 07:36:15 PDT 2026 ===
Models: prime-intellect/intellect-3
Source rows: 0; checkpoint rows: 118
Dirty tasks: 2; selected: 2
Options: stream=false responseFormat=false timeoutMs=600000 maxTokens=8000 retries=2 concurrency=1 reasoningEffort=(default) reasoningMaxTokens=1024 reasoningExclude=true disableThinking=false
 - prime-intellect/intellect-3: 2 dirty
(node:82401) [DEP0040] DeprecationWarning: The `punycode` module is deprecated. Please use a userland alternative instead.
(Use `node --trace-deprecation ...` to show where the warning was created)
[1/2] dirty prime-intellect/intellect-3 L8-003 attempts=3 types=empty_raw+truncated_response+transport_error
[2/2] clean-fail prime-intellect/intellect-3 AGI-071 attempts=1
Aggregate written: /Users/bradleymiles/Documents/tradebench-questions-and-evaluation/results/community/300/residual-transport-repair-2026-06-15T14-41-38-061Z.json
prime-intellect/intellect-3: clean=58 dirty=1 pass=23/300
=== MODEL END model=prime-intellect/intellect-3 rc=0 Mon Jun 15 07:41:38 PDT 2026 ===
=== MODEL START model=inclusionai/ring-2.6-1t rows=24 Mon Jun 15 07:41:58 PDT 2026 ===
Models: inclusionai/ring-2.6-1t
Source rows: 0; checkpoint rows: 158
Dirty tasks: 24; selected: 24
Options: stream=false responseFormat=false timeoutMs=600000 maxTokens=8000 retries=2 concurrency=1 reasoningEffort=(default) reasoningMaxTokens=1024 reasoningExclude=true disableThinking=false
 - inclusionai/ring-2.6-1t: 24 dirty
(node:83239) [DEP0040] DeprecationWarning: The `punycode` module is deprecated. Please use a userland alternative instead.
(Use `node --trace-deprecation ...` to show where the warning was created)
[1/24] dirty inclusionai/ring-2.6-1t L8-003 attempts=3 types=empty_raw+truncated_response+transport_error
[2/24] dirty inclusionai/ring-2.6-1t L10-015 attempts=3 types=empty_raw+truncated_response+transport_error
[3/24] pass inclusionai/ring-2.6-1t L10-027 attempts=2
[4/24] dirty inclusionai/ring-2.6-1t L10-031 attempts=3 types=empty_raw+truncated_response+transport_error
[5/24] dirty inclusionai/ring-2.6-1t L10-032 attempts=3 types=empty_raw+truncated_response+transport_error
[6/24] pass inclusionai/ring-2.6-1t L10-044 attempts=1
[7/24] clean-fail inclusionai/ring-2.6-1t AGI-002 attempts=3
[8/24] dirty inclusionai/ring-2.6-1t AGI-003 attempts=3 types=empty_raw+truncated_response+transport_error
[9/24] dirty inclusionai/ring-2.6-1t AGI-012 attempts=3 types=empty_raw+truncated_response+transport_error
[10/24] dirty inclusionai/ring-2.6-1t AGI-029 attempts=3 types=empty_raw+truncated_response+transport_error
[11/24] dirty inclusionai/ring-2.6-1t AGI-039 attempts=3 types=empty_raw+truncated_response+transport_error
[12/24] dirty inclusionai/ring-2.6-1t AGI-040 attempts=3 types=empty_raw+truncated_response+transport_error
[13/24] dirty inclusionai/ring-2.6-1t AGI-041 attempts=3 types=empty_raw+truncated_response+transport_error
[14/24] clean-fail inclusionai/ring-2.6-1t AGI-064 attempts=2
[15/24] dirty inclusionai/ring-2.6-1t AGI-066 attempts=3 types=empty_raw+truncated_response+transport_error
[16/24] dirty inclusionai/ring-2.6-1t AGI-067 attempts=3 types=empty_raw+truncated_response+transport_error
[17/24] dirty inclusionai/ring-2.6-1t AGI-068 attempts=3 types=empty_raw+truncated_response+transport_error
[18/24] pass inclusionai/ring-2.6-1t AGI-084 attempts=1
[19/24] clean-fail inclusionai/ring-2.6-1t AGI-089 attempts=1
[20/24] clean-fail inclusionai/ring-2.6-1t AGI-091 attempts=1
[21/24] clean-fail inclusionai/ring-2.6-1t AGI-099 attempts=1
[22/24] dirty inclusionai/ring-2.6-1t AGI-101 attempts=3 types=empty_raw+truncated_response+transport_error
[23/24] dirty inclusionai/ring-2.6-1t AGI-102 attempts=3 types=empty_raw+truncated_response+transport_error
[24/24] clean-fail inclusionai/ring-2.6-1t AGI-112 attempts=2
Aggregate written: /Users/bradleymiles/Documents/tradebench-questions-and-evaluation/results/community/300/residual-transport-repair-2026-06-15T15-36-02-769Z.json
inclusionai/ring-2.6-1t: clean=64 dirty=15 pass=25/300
=== MODEL END model=inclusionai/ring-2.6-1t rc=0 Mon Jun 15 08:36:02 PDT 2026 ===
=== RESIDUAL TRANSPORT REPAIR DONE Mon Jun 15 08:36:22 PDT 2026 ===
